2025-09-22 09:49:41 [[31merror[39m]: Article not found
2025-09-22 09:49:41 [[31merror[39m]: Article not found
2025-09-22 09:49:41 [[31merror[39m]: Article not found
2025-09-23 07:56:50 [[31merror[39m]: Article not found
2025-09-23 07:56:50 [[31merror[39m]: Article not found
2025-09-23 07:56:50 [[31merror[39m]: Article not found
2025-09-23 08:01:18 [[31merror[39m]: Article not found
2025-09-23 08:01:19 [[31merror[39m]: Article not found
2025-09-23 08:01:19 [[31merror[39m]: Article not found
2025-09-23 08:54:19 [[31merror[39m]: Article not found
2025-09-23 08:54:19 [[31merror[39m]: Article not found
2025-09-23 08:54:19 [[31merror[39m]: Article not found
2025-09-24 08:28:41 [[31merror[39m]: Article not found
2025-09-24 08:28:41 [[31merror[39m]: Article not found
2025-09-24 08:28:41 [[31merror[39m]: Article not found
2025-09-24 08:29:11 [[31merror[39m]: Article not found
2025-09-24 08:29:11 [[31merror[39m]: Article not found
2025-09-24 08:29:11 [[31merror[39m]: Article not found
2025-09-26 14:31:15 [[31merror[39m]: data and hash must be strings
2025-09-26 14:31:15 [[31merror[39m]: data and hash must be strings
2025-09-26 14:47:27 [[31merror[39m]: Validation error: "name" length must be at least 3 characters long
2025-09-26 14:48:41 [[32minfo[39m]: User registered
2025-09-26 14:49:03 [[32minfo[39m]: User registered
2025-09-26 14:49:03 [[32minfo[39m]: Registered failed - email exists
2025-09-26 14:49:21 [[32minfo[39m]: User registered
2025-09-26 14:49:21 [[32minfo[39m]: Registered failed - email exists
2025-09-26 14:49:21 [[31merror[39m]: data and hash must be strings
2025-09-26 14:49:21 [[31merror[39m]: data and hash must be strings
2025-09-26 14:53:05 [[32minfo[39m]: User registered
2025-09-26 14:53:05 [[32minfo[39m]: Registered failed - email exists
2025-09-26 14:53:05 [[32minfo[39m]: Login user
2025-09-26 14:53:06 [[31merror[39m]: INVALID_PASSWORD
2025-09-26 14:55:45 [[32minfo[39m]: User registered
2025-09-26 14:55:45 [[32minfo[39m]: Registered failed - email exists
2025-09-26 14:55:45 [[32minfo[39m]: Login user
2025-09-26 14:55:45 [[32minfo[39m]: Login failed
